// Jest Snapshot v1, https://goo.gl/fbAQLP

exports[`DescribePhase When DescribePhase is rendered correctly by snapshot SnapShot matching 1`] = `
<div
  className="form-group"
>
  <label
    className="form-sub-title form-label"
  >
    Phase NaN
  </label>
  <input
    className="form-control"
    id="phaseTitle"
    name="title"
    onChange={[Function]}
    placeholder="Title"
    type="text"
    value=""
  />
  <textarea
    className="form-control"
    id="phaseDescription"
    name="description"
    onChange={[Function]}
    placeholder="Description"
    rows="3"
    value=""
  />
</div>
`;
