// Jest Snapshot v1, https://goo.gl/fbAQLP

exports[`Check Compass Page render 1`] = `
<Layout>
  <div
    className="container"
  >
    <h1
      className="text-center"
    >
      Universal Design Compass
    </h1>
    <div>
      <div
        className="d-flex flex-column"
      >
        <ButtonGroup
          as="div"
          role="group"
          size="lg"
          toggle={false}
          vertical={false}
        >
          <Button
            active={false}
            block={true}
            bsSize="large"
            className="text-left"
            disabled={false}
            key="1"
            onClick={[Function]}
            type="button"
            variant="outline-warning"
          >
            A. Define Problem
          </Button>
          <Button
            active={false}
            disabled={false}
            onClick={[Function]}
            type="button"
            variant="outline-primary"
          >
            00:00:00
          </Button>
        </ButtonGroup>
        <div />
      </div>
      <div
        className="d-flex flex-column"
      >
        <ButtonGroup
          as="div"
          role="group"
          size="lg"
          toggle={false}
          vertical={false}
        >
          <Button
            active={false}
            block={true}
            bsSize="large"
            className="text-left"
            disabled={false}
            key="2"
            onClick={[Function]}
            type="button"
            variant="outline-warning"
          >
            B. Research
          </Button>
          <Button
            active={false}
            disabled={false}
            onClick={[Function]}
            type="button"
            variant="outline-primary"
          >
            00:00:00
          </Button>
        </ButtonGroup>
        <div />
      </div>
      <div
        className="d-flex flex-column"
      >
        <ButtonGroup
          as="div"
          role="group"
          size="lg"
          toggle={false}
          vertical={false}
        >
          <Button
            active={false}
            block={true}
            bsSize="large"
            className="text-left"
            disabled={false}
            key="3"
            onClick={[Function]}
            type="button"
            variant="outline-warning"
          >
            C. Brainstorm
          </Button>
          <Button
            active={false}
            disabled={false}
            onClick={[Function]}
            type="button"
            variant="outline-primary"
          >
            00:00:00
          </Button>
        </ButtonGroup>
        <div />
      </div>
      <div
        className="d-flex flex-column"
      >
        <ButtonGroup
          as="div"
          role="group"
          size="lg"
          toggle={false}
          vertical={false}
        >
          <Button
            active={false}
            block={true}
            bsSize="large"
            className="text-left"
            disabled={false}
            key="4"
            onClick={[Function]}
            type="button"
            variant="outline-warning"
          >
            D. Select
          </Button>
          <Button
            active={false}
            disabled={false}
            onClick={[Function]}
            type="button"
            variant="outline-primary"
          >
            00:00:00
          </Button>
        </ButtonGroup>
        <div />
      </div>
      <div
        className="d-flex flex-column"
      >
        <ButtonGroup
          as="div"
          role="group"
          size="lg"
          toggle={false}
          vertical={false}
        >
          <Button
            active={false}
            block={true}
            bsSize="large"
            className="text-left"
            disabled={false}
            key="5"
            onClick={[Function]}
            type="button"
            variant="outline-warning"
          >
            E. Construct
          </Button>
          <Button
            active={false}
            disabled={false}
            onClick={[Function]}
            type="button"
            variant="outline-primary"
          >
            00:00:00
          </Button>
        </ButtonGroup>
        <div />
      </div>
      <div
        className="d-flex flex-column"
      >
        <ButtonGroup
          as="div"
          role="group"
          size="lg"
          toggle={false}
          vertical={false}
        >
          <Button
            active={false}
            block={true}
            bsSize="large"
            className="text-left"
            disabled={false}
            key="6"
            onClick={[Function]}
            type="button"
            variant="outline-warning"
          >
            F. Evaluate
          </Button>
          <Button
            active={false}
            disabled={false}
            onClick={[Function]}
            type="button"
            variant="outline-primary"
          >
            00:00:00
          </Button>
        </ButtonGroup>
        <div />
      </div>
      <div
        className="d-flex flex-column"
      >
        <ButtonGroup
          as="div"
          role="group"
          size="lg"
          toggle={false}
          vertical={false}
        >
          <Button
            active={false}
            block={true}
            bsSize="large"
            className="text-left"
            disabled={false}
            key="7"
            onClick={[Function]}
            type="button"
            variant="outline-warning"
          >
            G. Communicate
          </Button>
          <Button
            active={false}
            disabled={false}
            onClick={[Function]}
            type="button"
            variant="outline-primary"
          >
            00:00:00
          </Button>
        </ButtonGroup>
        <div />
      </div>
      <div
        className="d-flex flex-column"
      >
        <ButtonGroup
          as="div"
          role="group"
          size="lg"
          toggle={false}
          vertical={false}
        >
          <Button
            active={false}
            block={true}
            bsSize="large"
            className="text-left"
            disabled={false}
            key="8"
            onClick={[Function]}
            type="button"
            variant="outline-warning"
          >
            H. Redisign
          </Button>
          <Button
            active={false}
            disabled={false}
            onClick={[Function]}
            type="button"
            variant="outline-primary"
          >
            00:00:00
          </Button>
        </ButtonGroup>
        <div />
      </div>
      <br />
      <div>
        <Bootstrap(Row)>
          <Col
            as="div"
          >
            <Button
              active={true}
              className="float-left"
              disabled={false}
              onClick={[Function]}
              type="button"
              variant="primary"
            >
              Previous
            </Button>
          </Col>
          <Col
            as="div"
          >
            <textarea
              cols="20"
              onChange={[Function]}
              placeholder="Log Text"
              rows="5"
              value=""
            />
          </Col>
          <Col
            as="div"
          >
            <Button
              active={true}
              className="float-right"
              disabled={false}
              onClick={[Function]}
              type="button"
              variant="primary"
            >
              Next
            </Button>
          </Col>
        </Bootstrap(Row)>
        <Bootstrap(Row)>
          <Col
            as="div"
          />
          <Col
            as="div"
          >
            <Button
              active={false}
              block={true}
              disabled={false}
              onClick={[Function]}
              size="sm"
              type="button"
              variant="warning"
            >
              Update Log
            </Button>
          </Col>
          <Col
            as="div"
          />
        </Bootstrap(Row)>
      </div>
    </div>
  </div>
</Layout>
`;

exports[`Check Log render 1`] = `
<Layout>
  <div
    className="container"
  >
    <h1
      className="text-center"
    >
      Universal Design Compass
    </h1>
    <div>
      <div
        className="d-flex flex-column"
      >
        <ButtonGroup
          as="div"
          role="group"
          size="lg"
          toggle={false}
          vertical={false}
        >
          <Button
            active={false}
            block={true}
            bsSize="large"
            className="text-left"
            disabled={false}
            key="1"
            onClick={[Function]}
            type="button"
            variant="outline-warning"
          >
            A. Define Problem
          </Button>
          <Button
            active={false}
            disabled={false}
            onClick={[Function]}
            type="button"
            variant="outline-primary"
          >
            00:00:00
          </Button>
        </ButtonGroup>
        <div />
      </div>
      <div
        className="d-flex flex-column"
      >
        <ButtonGroup
          as="div"
          role="group"
          size="lg"
          toggle={false}
          vertical={false}
        >
          <Button
            active={false}
            block={true}
            bsSize="large"
            className="text-left"
            disabled={false}
            key="2"
            onClick={[Function]}
            type="button"
            variant="outline-warning"
          >
            B. Research
          </Button>
          <Button
            active={false}
            disabled={false}
            onClick={[Function]}
            type="button"
            variant="outline-primary"
          >
            00:00:00
          </Button>
        </ButtonGroup>
        <div />
      </div>
      <div
        className="d-flex flex-column"
      >
        <ButtonGroup
          as="div"
          role="group"
          size="lg"
          toggle={false}
          vertical={false}
        >
          <Button
            active={false}
            block={true}
            bsSize="large"
            className="text-left"
            disabled={false}
            key="3"
            onClick={[Function]}
            type="button"
            variant="outline-warning"
          >
            C. Brainstorm
          </Button>
          <Button
            active={false}
            disabled={false}
            onClick={[Function]}
            type="button"
            variant="outline-primary"
          >
            00:00:00
          </Button>
        </ButtonGroup>
        <div />
      </div>
      <div
        className="d-flex flex-column"
      >
        <ButtonGroup
          as="div"
          role="group"
          size="lg"
          toggle={false}
          vertical={false}
        >
          <Button
            active={false}
            block={true}
            bsSize="large"
            className="text-left"
            disabled={false}
            key="4"
            onClick={[Function]}
            type="button"
            variant="outline-warning"
          >
            D. Select
          </Button>
          <Button
            active={false}
            disabled={false}
            onClick={[Function]}
            type="button"
            variant="outline-primary"
          >
            00:00:00
          </Button>
        </ButtonGroup>
        <div />
      </div>
      <div
        className="d-flex flex-column"
      >
        <ButtonGroup
          as="div"
          role="group"
          size="lg"
          toggle={false}
          vertical={false}
        >
          <Button
            active={false}
            block={true}
            bsSize="large"
            className="text-left"
            disabled={false}
            key="5"
            onClick={[Function]}
            type="button"
            variant="outline-warning"
          >
            E. Construct
          </Button>
          <Button
            active={false}
            disabled={false}
            onClick={[Function]}
            type="button"
            variant="outline-primary"
          >
            00:00:00
          </Button>
        </ButtonGroup>
        <div />
      </div>
      <div
        className="d-flex flex-column"
      >
        <ButtonGroup
          as="div"
          role="group"
          size="lg"
          toggle={false}
          vertical={false}
        >
          <Button
            active={false}
            block={true}
            bsSize="large"
            className="text-left"
            disabled={false}
            key="6"
            onClick={[Function]}
            type="button"
            variant="outline-warning"
          >
            F. Evaluate
          </Button>
          <Button
            active={false}
            disabled={false}
            onClick={[Function]}
            type="button"
            variant="outline-primary"
          >
            00:00:00
          </Button>
        </ButtonGroup>
        <div />
      </div>
      <div
        className="d-flex flex-column"
      >
        <ButtonGroup
          as="div"
          role="group"
          size="lg"
          toggle={false}
          vertical={false}
        >
          <Button
            active={false}
            block={true}
            bsSize="large"
            className="text-left"
            disabled={false}
            key="7"
            onClick={[Function]}
            type="button"
            variant="outline-warning"
          >
            G. Communicate
          </Button>
          <Button
            active={false}
            disabled={false}
            onClick={[Function]}
            type="button"
            variant="outline-primary"
          >
            00:00:00
          </Button>
        </ButtonGroup>
        <div />
      </div>
      <div
        className="d-flex flex-column"
      >
        <ButtonGroup
          as="div"
          role="group"
          size="lg"
          toggle={false}
          vertical={false}
        >
          <Button
            active={false}
            block={true}
            bsSize="large"
            className="text-left"
            disabled={false}
            key="8"
            onClick={[Function]}
            type="button"
            variant="outline-warning"
          >
            H. Redisign
          </Button>
          <Button
            active={false}
            disabled={false}
            onClick={[Function]}
            type="button"
            variant="outline-primary"
          >
            00:00:00
          </Button>
        </ButtonGroup>
        <div />
      </div>
      <br />
      <div>
        <Bootstrap(Row)>
          <Col
            as="div"
          >
            <Button
              active={true}
              className="float-left"
              disabled={false}
              onClick={[Function]}
              type="button"
              variant="primary"
            >
              Previous
            </Button>
          </Col>
          <Col
            as="div"
          >
            <textarea
              cols="20"
              onChange={[Function]}
              placeholder="Log Text"
              rows="5"
              value=""
            />
          </Col>
          <Col
            as="div"
          >
            <Button
              active={true}
              className="float-right"
              disabled={false}
              onClick={[Function]}
              type="button"
              variant="primary"
            >
              Next
            </Button>
          </Col>
        </Bootstrap(Row)>
        <Bootstrap(Row)>
          <Col
            as="div"
          />
          <Col
            as="div"
          >
            <Button
              active={false}
              block={true}
              disabled={false}
              onClick={[Function]}
              size="sm"
              type="button"
              variant="warning"
            >
              Update Log
            </Button>
          </Col>
          <Col
            as="div"
          />
        </Bootstrap(Row)>
      </div>
    </div>
  </div>
</Layout>
`;

exports[`Check Timer render 1`] = `
<Layout>
  <div
    className="container"
  >
    <h1
      className="text-center"
    >
      Universal Design Compass
    </h1>
    <div>
      <div
        className="d-flex flex-column"
      >
        <ButtonGroup
          as="div"
          role="group"
          size="lg"
          toggle={false}
          vertical={false}
        >
          <Button
            active={false}
            block={true}
            bsSize="large"
            className="text-left"
            disabled={false}
            key="1"
            onClick={[Function]}
            type="button"
            variant="outline-warning"
          >
            A. Define Problem
          </Button>
          <Button
            active={false}
            disabled={false}
            onClick={[Function]}
            type="button"
            variant="outline-primary"
          >
            00:00:00
          </Button>
        </ButtonGroup>
        <div />
      </div>
      <div
        className="d-flex flex-column"
      >
        <ButtonGroup
          as="div"
          role="group"
          size="lg"
          toggle={false}
          vertical={false}
        >
          <Button
            active={false}
            block={true}
            bsSize="large"
            className="text-left"
            disabled={false}
            key="2"
            onClick={[Function]}
            type="button"
            variant="outline-warning"
          >
            B. Research
          </Button>
          <Button
            active={false}
            disabled={false}
            onClick={[Function]}
            type="button"
            variant="outline-primary"
          >
            00:00:00
          </Button>
        </ButtonGroup>
        <div />
      </div>
      <div
        className="d-flex flex-column"
      >
        <ButtonGroup
          as="div"
          role="group"
          size="lg"
          toggle={false}
          vertical={false}
        >
          <Button
            active={false}
            block={true}
            bsSize="large"
            className="text-left"
            disabled={false}
            key="3"
            onClick={[Function]}
            type="button"
            variant="outline-warning"
          >
            C. Brainstorm
          </Button>
          <Button
            active={false}
            disabled={false}
            onClick={[Function]}
            type="button"
            variant="outline-primary"
          >
            00:00:00
          </Button>
        </ButtonGroup>
        <div />
      </div>
      <div
        className="d-flex flex-column"
      >
        <ButtonGroup
          as="div"
          role="group"
          size="lg"
          toggle={false}
          vertical={false}
        >
          <Button
            active={false}
            block={true}
            bsSize="large"
            className="text-left"
            disabled={false}
            key="4"
            onClick={[Function]}
            type="button"
            variant="outline-warning"
          >
            D. Select
          </Button>
          <Button
            active={false}
            disabled={false}
            onClick={[Function]}
            type="button"
            variant="outline-primary"
          >
            00:00:00
          </Button>
        </ButtonGroup>
        <div />
      </div>
      <div
        className="d-flex flex-column"
      >
        <ButtonGroup
          as="div"
          role="group"
          size="lg"
          toggle={false}
          vertical={false}
        >
          <Button
            active={false}
            block={true}
            bsSize="large"
            className="text-left"
            disabled={false}
            key="5"
            onClick={[Function]}
            type="button"
            variant="outline-warning"
          >
            E. Construct
          </Button>
          <Button
            active={false}
            disabled={false}
            onClick={[Function]}
            type="button"
            variant="outline-primary"
          >
            00:00:00
          </Button>
        </ButtonGroup>
        <div />
      </div>
      <div
        className="d-flex flex-column"
      >
        <ButtonGroup
          as="div"
          role="group"
          size="lg"
          toggle={false}
          vertical={false}
        >
          <Button
            active={false}
            block={true}
            bsSize="large"
            className="text-left"
            disabled={false}
            key="6"
            onClick={[Function]}
            type="button"
            variant="outline-warning"
          >
            F. Evaluate
          </Button>
          <Button
            active={false}
            disabled={false}
            onClick={[Function]}
            type="button"
            variant="outline-primary"
          >
            00:00:00
          </Button>
        </ButtonGroup>
        <div />
      </div>
      <div
        className="d-flex flex-column"
      >
        <ButtonGroup
          as="div"
          role="group"
          size="lg"
          toggle={false}
          vertical={false}
        >
          <Button
            active={false}
            block={true}
            bsSize="large"
            className="text-left"
            disabled={false}
            key="7"
            onClick={[Function]}
            type="button"
            variant="outline-warning"
          >
            G. Communicate
          </Button>
          <Button
            active={false}
            disabled={false}
            onClick={[Function]}
            type="button"
            variant="outline-primary"
          >
            00:00:00
          </Button>
        </ButtonGroup>
        <div />
      </div>
      <div
        className="d-flex flex-column"
      >
        <ButtonGroup
          as="div"
          role="group"
          size="lg"
          toggle={false}
          vertical={false}
        >
          <Button
            active={false}
            block={true}
            bsSize="large"
            className="text-left"
            disabled={false}
            key="8"
            onClick={[Function]}
            type="button"
            variant="outline-warning"
          >
            H. Redisign
          </Button>
          <Button
            active={false}
            disabled={false}
            onClick={[Function]}
            type="button"
            variant="outline-primary"
          >
            00:00:00
          </Button>
        </ButtonGroup>
        <div />
      </div>
      <br />
      <div>
        <Bootstrap(Row)>
          <Col
            as="div"
          >
            <Button
              active={true}
              className="float-left"
              disabled={false}
              onClick={[Function]}
              type="button"
              variant="primary"
            >
              Previous
            </Button>
          </Col>
          <Col
            as="div"
          >
            <textarea
              cols="20"
              onChange={[Function]}
              placeholder="Log Text"
              rows="5"
              value=""
            />
          </Col>
          <Col
            as="div"
          >
            <Button
              active={true}
              className="float-right"
              disabled={false}
              onClick={[Function]}
              type="button"
              variant="primary"
            >
              Next
            </Button>
          </Col>
        </Bootstrap(Row)>
        <Bootstrap(Row)>
          <Col
            as="div"
          />
          <Col
            as="div"
          >
            <Button
              active={false}
              block={true}
              disabled={false}
              onClick={[Function]}
              size="sm"
              type="button"
              variant="warning"
            >
              Update Log
            </Button>
          </Col>
          <Col
            as="div"
          />
        </Bootstrap(Row)>
      </div>
    </div>
  </div>
</Layout>
`;
