// Jest Snapshot v1, https://goo.gl/fbAQLP

exports[`Log Card it matches the snapshot 1`] = `
<div
  className="card mb-3 shadow-sm"
>
  <div
    className="card-header"
  >
    <div
      className="row"
    >
      <div
        className="col-lg-8 col-sm-12"
      >
        <span
          className="row"
        >
          <span
            className="col-lg-6 col-4"
          >
            my title
          </span>
          <span
            className="col-lg-6 col-8 text-lg-center text-right"
          >
            12/31/1969, 7:00:00 PM
          </span>
        </span>
      </div>
      <div
        className="col-lg-4 col-sm-12 justify-content-end"
      >
        <span
          className="d-flex row row justify-content-end"
        >
          <button
            className="btn btn-outline-secondary col-lg-3"
            id="edit"
            onClick={[Function]}
          >
            Edit
          </button>
          <span
            className="m-1"
          />
          <button
            className="btn btn-outline-danger col-lg-3"
            id="delete"
            onClick={[Function]}
          >
            Delete
          </button>
        </span>
      </div>
    </div>
  </div>
  <div
    className="card-body"
  >
    <div
      className="card-text"
      style={
        Object {
          "whiteSpace": "pre-line",
        }
      }
    >
      abc 123
    </div>
  </div>
</div>
`;
